mktextfm STHeiti/OT
mktextfm STHeiti/OT
mktextfm STHeiti/OT
mktextfm STHeiti/BI/OT
mktextfm STHeiti/OT
mktextfm STHeiti/B/OT
mktextfm STHeiti/OT
mktextfm STHeiti/I/OT
mktextfm STHeiti/OT
mktextfm STHeiti/OT
mktextfm STHeiti/OT
mktextfm STHeiti/OT
mktextfm STHeiti/OT
mktextfm STHeiti/OT
mktextfm STHeiti/OT
mktextfm STFangsong/OT
mktextfm STFangsong/OT
mktextfm STFangsong/OT
mktextfm STFangsong/BI/OT
mktextfm STFangsong/OT
mktextfm STFangsong/B/OT
mktextfm STFangsong/OT
mktextfm STFangsong/I/OT
mktextfm STFangsong/OT
mktextfm STFangsong/OT
mktextfm STHeiti/OT
mktextfm STHeiti/OT
mktextfm STHeiti/OT
