This is XeTeX, Version 3.141592653-2.6-0.999997 (TeX Live 2025) (preloaded format=xelatex 2025.9.12)  8 JUL 2026 09:10
entering extended mode
 restricted \write18 enabled.
 %&-line parsing enabled.
**main.tex
(./main.tex
LaTeX2e <2024-11-01> patch level 2
L3 programming layer <2025-01-18>
(./ieeeaccess.cls
(/usr/local/texlive/2025/texmf-dist/tex/latex/ieeetran/IEEEtran.cls
Document Class: IEEEtran 2015/08/26 V1.8b by Michael Shell
-- See the "IEEEtran_HOWTO" manual for usage information.
-- http://www.michaelshell.org/tex/ieeetran/
\@IEEEtrantmpdimenA=\dimen141
\@IEEEtrantmpdimenB=\dimen142
\@IEEEtrantmpdimenC=\dimen143
\@IEEEtrantmpcountA=\count192
\@IEEEtrantmpcountB=\count193
\@IEEEtrantmpcountC=\count194
\@IEEEtrantmptoksA=\toks17
LaTeX Font Info:    Trying to load font information for TU+ptm on input line 50
3.
LaTeX Font Info:    No file TUptm.fd. on input line 503.

LaTeX Font Warning: Font shape `TU/ptm/m/n' undefined
(Font)              using `TU/lmr/m/n' instead on input line 503.

-- Using 8.5in x 11in (letter) paper.
-- Using DVI output.
\@IEEEnormalsizeunitybaselineskip=\dimen144
-- This is a 10 point document.
\CLASSINFOnormalsizebaselineskip=\dimen145
\CLASSINFOnormalsizeunitybaselineskip=\dimen146
\IEEEnormaljot=\dimen147

LaTeX Font Warning: Font shape `TU/ptm/bx/n' undefined
(Font)              using `TU/ptm/m/n' instead on input line 1090.


LaTeX Font Warning: Font shape `TU/ptm/m/it' undefined
(Font)              using `TU/ptm/m/n' instead on input line 1090.


LaTeX Font Warning: Font shape `TU/ptm/bx/it' undefined
(Font)              using `TU/ptm/bx/n' instead on input line 1090.

\IEEEquantizedlength=\dimen148
\IEEEquantizedlengthdiff=\dimen149
\IEEEquantizedtextheightdiff=\dimen150
\IEEEilabelindentA=\dimen151
\IEEEilabelindentB=\dimen152
\IEEEilabelindent=\dimen153
\IEEEelabelindent=\dimen154
\IEEEdlabelindent=\dimen155
\IEEElabelindent=\dimen156
\IEEEiednormlabelsep=\dimen157
\IEEEiedmathlabelsep=\dimen158
\IEEEiedtopsep=\skip49
\c@section=\count195
\c@subsection=\count196
\c@subsubsection=\count197
\c@paragraph=\count198
\c@IEEEsubequation=\count199
\abovecaptionskip=\skip50
\belowcaptionskip=\skip51
\c@figure=\count266
\c@table=\count267
\@IEEEeqnnumcols=\count268
\@IEEEeqncolcnt=\count269
\@IEEEsubeqnnumrollback=\count270
\@IEEEquantizeheightA=\dimen159
\@IEEEquantizeheightB=\dimen160
\@IEEEquantizeheightC=\dimen161
\@IEEEquantizeprevdepth=\dimen162
\@IEEEquantizemultiple=\count271
\@IEEEquantizeboxA=\box52
\@IEEEtmpitemindent=\dimen163
\IEEEPARstartletwidth=\dimen164
\c@IEEEbiography=\count272
\@IEEEtranrubishbin=\box53
) (/usr/local/texlive/2025/texmf-dist/tex/generic/iftex/ifpdf.sty
Package: ifpdf 2019/10/25 v3.4 ifpdf legacy package. Use iftex instead.

(/usr/local/texlive/2025/texmf-dist/tex/generic/iftex/iftex.sty
Package: iftex 2024/12/12 v1.0g TeX engine tests
))
(/usr/local/texlive/2025/texmf-dist/tex/latex/xkeyval/xkeyval.sty
Package: xkeyval 2022/06/16 v2.9 package option processing (HA)

(/usr/local/texlive/2025/texmf-dist/tex/generic/xkeyval/xkeyval.tex
(/usr/local/texlive/2025/texmf-dist/tex/generic/xkeyval/xkvutils.tex
\XKV@toks=\toks18
\XKV@tempa@toks=\toks19

(/usr/local/texlive/2025/texmf-dist/tex/generic/xkeyval/keyval.tex))
\XKV@depth=\count273
File: xkeyval.tex 2014/12/03 v2.7a key=value parser (HA)
))
\@draftversionrule=\dimen165

(/usr/local/texlive/2025/texmf-dist/tex/latex/graphics/color.sty
Package: color 2024/06/23 v1.3e Standard LaTeX Color (DPC)

(/usr/local/texlive/2025/texmf-dist/tex/latex/graphics-cfg/color.cfg
File: color.cfg 2016/01/02 v1.6 sample color configuration
)
Package color Info: Driver file: xetex.def on input line 149.

(/usr/local/texlive/2025/texmf-dist/tex/latex/graphics-def/xetex.def
File: xetex.def 2022/09/22 v5.0n Graphics/color driver for xetex
)
(/usr/local/texlive/2025/texmf-dist/tex/latex/graphics/mathcolor.ltx))
(/usr/local/texlive/2025/texmf-dist/tex/generic/iftex/ifxetex.sty
Package: ifxetex 2019/10/25 v0.7 ifxetex legacy package. Use iftex instead.
)
Package color Info: Redefining color black on input line 294.
\figbox=\box54
\titlewidth=\skip52
\abstractwidth=\skip53
\c@addrCtr=\count274
\abstractbox=\box55
\indexbox=\box56
\absht=\dimen166
\kwdht=\dimen167
\@tempcntc=\count275
\titlepgskip=\skip54
\maketitlebox=\box57
)
(/usr/local/texlive/2025/texmf-dist/tex/latex/cite/cite.sty
LaTeX Info: Redefining \cite on input line 302.
LaTeX Info: Redefining \nocite on input line 332.
Package: cite 2015/02/27  v 5.5
)
(/usr/local/texlive/2025/texmf-dist/tex/latex/amsmath/amsmath.sty
Package: amsmath 2024/11/05 v2.17t AMS math features
\@mathmargin=\skip55

For additional information on amsmath, use the `?' option.
(/usr/local/texlive/2025/texmf-dist/tex/latex/amsmath/amstext.sty
Package: amstext 2021/08/26 v2.01 AMS text

(/usr/local/texlive/2025/texmf-dist/tex/latex/amsmath/amsgen.sty
File: amsgen.sty 1999/11/30 v2.0 generic functions
\@emptytoks=\toks20
\ex@=\dimen168
))
(/usr/local/texlive/2025/texmf-dist/tex/latex/amsmath/amsbsy.sty
Package: amsbsy 1999/11/29 v1.2d Bold Symbols
\pmbraise@=\dimen169
)
(/usr/local/texlive/2025/texmf-dist/tex/latex/amsmath/amsopn.sty
Package: amsopn 2022/04/08 v2.04 operator names
)
\inf@bad=\count276
LaTeX Info: Redefining \frac on input line 233.
\uproot@=\count277
\leftroot@=\count278
LaTeX Info: Redefining \overline on input line 398.
LaTeX Info: Redefining \colon on input line 409.
\classnum@=\count279
\DOTSCASE@=\count280
LaTeX Info: Redefining \ldots on input line 495.
LaTeX Info: Redefining \dots on input line 498.
LaTeX Info: Redefining \cdots on input line 619.
\Mathstrutbox@=\box58
\strutbox@=\box59
LaTeX Info: Redefining \big on input line 721.
LaTeX Info: Redefining \Big on input line 722.
LaTeX Info: Redefining \bigg on input line 723.
LaTeX Info: Redefining \Bigg on input line 724.
\big@size=\dimen170
LaTeX Font Info:    Redeclaring font encoding OML on input line 742.
LaTeX Font Info:    Redeclaring font encoding OMS on input line 743.
\macc@depth=\count281
LaTeX Info: Redefining \bmod on input line 904.
LaTeX Info: Redefining \pmod on input line 909.
LaTeX Info: Redefining \smash on input line 939.
LaTeX Info: Redefining \relbar on input line 969.
LaTeX Info: Redefining \Relbar on input line 970.
\c@MaxMatrixCols=\count282
\dotsspace@=\muskip17
\c@parentequation=\count283
\dspbrk@lvl=\count284
\tag@help=\toks21
\row@=\count285
\column@=\count286
\maxfields@=\count287
\andhelp@=\toks22
\eqnshift@=\dimen171
\alignsep@=\dimen172
\tagshift@=\dimen173
\tagwidth@=\dimen174
\totwidth@=\dimen175
\lineht@=\dimen176
\@envbody=\toks23
\multlinegap=\skip56
\multlinetaggap=\skip57
\mathdisplay@stack=\toks24
LaTeX Info: Redefining \[ on input line 2953.
LaTeX Info: Redefining \] on input line 2954.
)
(/usr/local/texlive/2025/texmf-dist/tex/latex/amsfonts/amssymb.sty
Package: amssymb 2013/01/14 v3.01 AMS font symbols

(/usr/local/texlive/2025/texmf-dist/tex/latex/amsfonts/amsfonts.sty
Package: amsfonts 2013/01/14 v3.01 Basic AMSFonts support
\symAMSa=\mathgroup4
\symAMSb=\mathgroup5
LaTeX Font Info:    Redeclaring math symbol \hbar on input line 98.
LaTeX Font Info:    Overwriting math alphabet `\mathfrak' in version `bold'
(Font)                  U/euf/m/n --> U/euf/b/n on input line 106.
))
(/usr/local/texlive/2025/texmf-dist/tex/latex/algorithms/algorithmic.sty
Invalid UTF-8 byte or sequence at line 11 replaced by U+FFFD.
Package: algorithmic 2009/08/24 v0.1 Document Style `algorithmic'

(/usr/local/texlive/2025/texmf-dist/tex/latex/base/ifthen.sty
Package: ifthen 2024/03/16 v1.1e Standard LaTeX ifthen package (DPC)
)
\c@ALC@unique=\count288
\c@ALC@line=\count289
\c@ALC@rem=\count290
\c@ALC@depth=\count291
\ALC@tlm=\skip58
\algorithmicindent=\skip59
)
(/usr/local/texlive/2025/texmf-dist/tex/latex/graphics/graphicx.sty
Package: graphicx 2021/09/16 v1.2d Enhanced LaTeX Graphics (DPC,SPQR)

(/usr/local/texlive/2025/texmf-dist/tex/latex/graphics/graphics.sty
Package: graphics 2024/08/06 v1.4g Standard LaTeX Graphics (DPC,SPQR)

(/usr/local/texlive/2025/texmf-dist/tex/latex/graphics/trig.sty
Package: trig 2023/12/02 v1.11 sin cos tan (DPC)
)
(/usr/local/texlive/2025/texmf-dist/tex/latex/graphics-cfg/graphics.cfg
File: graphics.cfg 2016/06/04 v1.11 sample graphics configuration
)
Package graphics Info: Driver file: xetex.def on input line 106.
)
\Gin@req@height=\dimen177
\Gin@req@width=\dimen178
)
(/usr/local/texlive/2025/texmf-dist/tex/latex/base/textcomp.sty
Package: textcomp 2024/04/24 v2.1b Standard LaTeX package
)
(/usr/local/texlive/2025/texmf-dist/tex/latex/booktabs/booktabs.sty
Package: booktabs 2020/01/12 v1.61803398 Publication quality tables
\heavyrulewidth=\dimen179
\lightrulewidth=\dimen180
\cmidrulewidth=\dimen181
\belowrulesep=\dimen182
\belowbottomsep=\dimen183
\aboverulesep=\dimen184
\abovetopsep=\dimen185
\cmidrulesep=\dimen186
\cmidrulekern=\dimen187
\defaultaddspace=\dimen188
\@cmidla=\count292
\@cmidlb=\count293
\@aboverulesep=\dimen189
\@belowrulesep=\dimen190
\@thisruleclass=\count294
\@lastruleclass=\count295
\@thisrulewidth=\dimen191
)
(/usr/local/texlive/2025/texmf-dist/tex/latex/multirow/multirow.sty
Package: multirow 2024/11/12 v2.9 Span multiple rows of a table
\multirow@colwidth=\skip60
\multirow@cntb=\count296
\multirow@dima=\skip61
\bigstrutjot=\dimen192
)
(/usr/local/texlive/2025/texmf-dist/tex/latex/xcolor/xcolor.sty
Package: xcolor 2024/09/29 v3.02 LaTeX color extensions (UK)

(/usr/local/texlive/2025/texmf-dist/tex/latex/graphics-cfg/color.cfg
File: color.cfg 2016/01/02 v1.6 sample color configuration
)
Package xcolor Info: Driver file: xetex.def on input line 274.
LaTeX Info: Redefining \color on input line 762.

(/usr/local/texlive/2025/texmf-dist/tex/latex/graphics/mathcolor.ltx)
Package xcolor Info: Model `cmy' substituted by `cmy0' on input line 1349.
Package xcolor Info: Model `RGB' extended on input line 1365.
Package xcolor Info: Model `HTML' substituted by `rgb' on input line 1367.
Package xcolor Info: Model `Hsb' substituted by `hsb' on input line 1368.
Package xcolor Info: Model `tHsb' substituted by `hsb' on input line 1369.
Package xcolor Info: Model `HSB' substituted by `hsb' on input line 1370.
Package xcolor Info: Model `Gray' substituted by `gray' on input line 1371.
Package xcolor Info: Model `wave' substituted by `hsb' on input line 1372.
)
(/usr/local/texlive/2025/texmf-dist/tex/latex/url/url.sty
\Urlmuskip=\muskip18
Package: url 2013/09/16  ver 3.4  Verb mode for urls, etc.
)
(/usr/local/texlive/2025/texmf-dist/tex/latex/tools/bm.sty
Package: bm 2023/12/19 v1.2f Bold Symbol Support (DPC/FMi)
\symboldoperators=\mathgroup6
\symboldletters=\mathgroup7
\symboldsymbols=\mathgroup8
Package bm Info: No bold for \OMX/cmex/m/n, using \pmb.
Package bm Info: No bold for \U/msa/m/n, using \pmb.
Package bm Info: No bold for \U/msb/m/n, using \pmb.
LaTeX Font Info:    Redeclaring math alphabet \mathbf on input line 149.
)
(/usr/local/texlive/2025/texmf-dist/tex/latex/l3backend/l3backend-xetex.def
File: l3backend-xetex.def 2024-05-08 L3 backend support: XeTeX
\g__graphics_track_int=\count297
\l__pdf_internal_box=\box60
\g__pdf_backend_annotation_int=\count298
\g__pdf_backend_link_int=\count299
)
(./main.aux)
\openout1 = `main.aux'.

LaTeX Font Info:    Checking defaults for OML/cmm/m/it on input line 33.
LaTeX Font Info:    ... okay on input line 33.
LaTeX Font Info:    Checking defaults for OMS/cmsy/m/n on input line 33.
LaTeX Font Info:    ... okay on input line 33.
LaTeX Font Info:    Checking defaults for OT1/cmr/m/n on input line 33.
LaTeX Font Info:    ... okay on input line 33.
LaTeX Font Info:    Checking defaults for T1/cmr/m/n on input line 33.
LaTeX Font Info:    ... okay on input line 33.
LaTeX Font Info:    Checking defaults for TS1/cmr/m/n on input line 33.
LaTeX Font Info:    ... okay on input line 33.
LaTeX Font Info:    Checking defaults for TU/lmr/m/n on input line 33.
LaTeX Font Info:    ... okay on input line 33.
LaTeX Font Info:    Checking defaults for OMX/cmex/m/n on input line 33.
LaTeX Font Info:    ... okay on input line 33.
LaTeX Font Info:    Checking defaults for U/cmr/m/n on input line 33.
LaTeX Font Info:    ... okay on input line 33.


LaTeX Font Warning: Font shape `TU/ptm/b/n' undefined
(Font)              using `TU/ptm/bx/n' instead on input line 33.


LaTeX Font Warning: Font shape `TU/ptm/b/it' undefined
(Font)              using `TU/ptm/bx/it' instead on input line 33.


LaTeX Font Warning: Font shape `TU/ptm/b/n' undefined
(Font)              using `TU/ptm/bx/n' instead on input line 33.


LaTeX Font Warning: Font shape `TU/ptm/b/it' undefined
(Font)              using `TU/ptm/bx/it' instead on input line 33.


LaTeX Font Warning: Font shape `TU/ptm/b/n' undefined
(Font)              using `TU/ptm/bx/n' instead on input line 33.


LaTeX Font Warning: Font shape `TU/ptm/b/it' undefined
(Font)              using `TU/ptm/bx/it' instead on input line 33.


LaTeX Font Warning: Font shape `TU/ptm/b/n' undefined
(Font)              using `TU/ptm/bx/n' instead on input line 33.


LaTeX Font Warning: Font shape `TU/ptm/b/it' undefined
(Font)              using `TU/ptm/bx/it' instead on input line 33.


LaTeX Font Warning: Font shape `TU/ptm/b/n' undefined
(Font)              using `TU/ptm/bx/n' instead on input line 33.


LaTeX Font Warning: Font shape `TU/ptm/b/it' undefined
(Font)              using `TU/ptm/bx/it' instead on input line 33.


LaTeX Font Warning: Font shape `TU/ptm/b/n' undefined
(Font)              using `TU/ptm/bx/n' instead on input line 33.


LaTeX Font Warning: Font shape `TU/ptm/b/it' undefined
(Font)              using `TU/ptm/bx/it' instead on input line 33.


LaTeX Font Warning: Font shape `TU/ptm/b/n' undefined
(Font)              using `TU/ptm/bx/n' instead on input line 33.


LaTeX Font Warning: Font shape `TU/ptm/b/it' undefined
(Font)              using `TU/ptm/bx/it' instead on input line 33.


LaTeX Font Warning: Font shape `TU/ptm/b/n' undefined
(Font)              using `TU/ptm/bx/n' instead on input line 33.


LaTeX Font Warning: Font shape `TU/ptm/b/it' undefined
(Font)              using `TU/ptm/bx/it' instead on input line 33.


LaTeX Font Warning: Font shape `TU/ptm/b/n' undefined
(Font)              using `TU/ptm/bx/n' instead on input line 33.


LaTeX Font Warning: Font shape `TU/ptm/b/it' undefined
(Font)              using `TU/ptm/bx/it' instead on input line 33.


LaTeX Font Warning: Font shape `TU/ptm/b/n' undefined
(Font)              using `TU/ptm/bx/n' instead on input line 33.


LaTeX Font Warning: Font shape `TU/ptm/b/it' undefined
(Font)              using `TU/ptm/bx/it' instead on input line 33.

-- Lines per column: 56 (exact).
\symNewLetters=\mathgroup9
\symxsymbols=\mathgroup10
LaTeX Font Info:    Redeclaring math symbol \ddagger on input line 33.
LaTeX Font Info:    Redeclaring math symbol \dagger on input line 33.
\c@mv@regular=\count300
LaTeX Font Info:    Encoding `OT1' has changed to `T1' for symbol font
(Font)              `operators' in the math version `regular' on input line 33.

LaTeX Font Info:    Overwriting symbol font `operators' in version `regular'
(Font)                  OT1/cmr/m/n --> T1/formata/n/n on input line 33.
LaTeX Font Info:    Overwriting symbol font `NewLetters' in version `regular'
(Font)                  T1/times/n/it --> T1/formata/n/it on input line 33.
LaTeX Font Info:    Overwriting math alphabet `\mathrm' in version `regular'
(Font)                  T1/formata/n/n --> T1/formata/n/n on input line 33.
LaTeX Font Info:    Overwriting math alphabet `\mathit' in version `regular'
(Font)                  OT1/cmr/m/it --> T1/formata/n/it on input line 33.
LaTeX Font Info:    Overwriting math alphabet `\mathbf' in version `regular'
(Font)                  OT1/cmr/bx/n --> T1/formata/m/n on input line 33.
LaTeX Font Info:    Overwriting math alphabet `\mathtt' in version `regular'
(Font)                  OT1/cmtt/m/n --> OT1/pcr/m/n on input line 33.
\c@mv@medium=\count301
LaTeX Font Info:    Encoding `OT1' has changed to `T1' for symbol font
(Font)              `operators' in the math version `medium' on input line 33.
LaTeX Font Info:    Overwriting symbol font `operators' in version `medium'
(Font)                  OT1/cmr/m/n --> T1/formata/m/n on input line 33.
LaTeX Font Info:    Overwriting symbol font `NewLetters' in version `medium'
(Font)                  T1/times/n/it --> T1/formata/m/it on input line 33.
LaTeX Font Info:    Overwriting math alphabet `\mathrm' in version `medium'
(Font)                  > T1/formata/m/n on input line 33.
LaTeX Font Info:    Overwriting math alphabet `\mathit' in version `medium'
(Font)                  OT1/cmr/m/it --> T1/formata/m/it on input line 33.
LaTeX Font Info:    Overwriting math alphabet `\mathbf' in version `medium'
(Font)                  > T1/formata/b/n on input line 33.
LaTeX Font Info:    Overwriting math alphabet `\mathtt' in version `medium'
(Font)                  OT1/cmtt/m/n --> OT1/pcr/b/n on input line 33.
\c@mv@black=\count302
LaTeX Font Info:    Encoding `OT1' has changed to `T1' for symbol font
(Font)              `operators' in the math version `black' on input line 33.
LaTeX Font Info:    Overwriting symbol font `operators' in version `black'
(Font)                  OT1/cmr/m/n --> T1/formata/b/n on input line 33.
LaTeX Font Info:    Overwriting symbol font `NewLetters' in version `black'
(Font)                  T1/times/n/it --> T1/formata/b/it on input line 33.
LaTeX Font Info:    Overwriting math alphabet `\mathrm' in version `black'
(Font)                  > T1/formata/b/n on input line 33.
LaTeX Font Info:    Overwriting math alphabet `\mathit' in version `black'
(Font)                  OT1/cmr/m/it --> T1/formata/b/it on input line 33.
LaTeX Font Info:    Overwriting math alphabet `\mathbf' in version `black'
(Font)                  > T1/formata/b/n on input line 33.
LaTeX Font Info:    Overwriting math alphabet `\mathtt' in version `black'
(Font)                  OT1/cmtt/m/n --> OT1/pcr/b/n on input line 33.
LaTeX Font Info:    Trying to load font information for T1+ptm on input line 33
.
(/usr/local/texlive/2025/texmf-dist/tex/latex/psnfss/t1ptm.fd
File: t1ptm.fd 2001/06/04 font definitions for T1/ptm.
)
LaTeX Font Info:    Trying to load font information for T1+times on input line 
33.
 (./t1times.fd)
LaTeX Font Info:    Redeclaring math version `bold' on input line 33.
LaTeX Font Info:    Encoding `OT1' has changed to `T1' for symbol font
(Font)              `operators' in the math version `bold' on input line 33.
LaTeX Font Info:    Overwriting symbol font `operators' in version `bold'
(Font)                  OT1/cmr/m/n --> T1/times/b/n on input line 33.
LaTeX Font Info:    Overwriting symbol font `NewLetters' in version `bold'
(Font)                  T1/times/n/it --> T1/times/b/it on input line 33.
LaTeX Font Info:    Overwriting math alphabet `\mathrm' in version `bold'
(Font)                  > T1/times/b/n on input line 33.
LaTeX Font Info:    Overwriting math alphabet `\mathit' in version `bold'
(Font)                  OT1/cmr/m/it --> T1/times/b/it on input line 33.
LaTeX Font Info:    Overwriting math alphabet `\mathbf' in version `bold'
(Font)                  > T1/times/b/n on input line 33.
LaTeX Font Info:    Overwriting math alphabet `\mathtt' in version `bold'
(Font)                  OT1/cmtt/m/n --> OT1/pcr/b/n on input line 33.
LaTeX Font Info:    Overwriting symbol font `symbols' in version `bold'
(Font)                  OMS/cmsy/m/n --> OMS/cmsy/b/n on input line 33.
File: bullet.png Graphic file (type bmp)
<bullet.png>


Package xcolor Warning: Incompatible color definition on input line 60.

LaTeX Font Info:    Trying to load font information for U+msa on input line 61.

(/usr/local/texlive/2025/texmf-dist/tex/latex/amsfonts/umsa.fd
File: umsa.fd 2013/01/14 v3.01 AMS symbols A
)
LaTeX Font Info:    Trying to load font information for U+msb on input line 61.


(/usr/local/texlive/2025/texmf-dist/tex/latex/amsfonts/umsb.fd
File: umsb.fd 2013/01/14 v3.01 AMS symbols B
)
File: bullet.png Graphic file (type bmp)
<bullet.png>


Package xcolor Warning: Incompatible color definition on input line 64.


Package xcolor Warning: Incompatible color definition on input line 69.

LaTeX Font Info:    Calculating math sizes for size <9.9> on input line 69.

Package manuscript Warning: Unresolved submission placeholder on input line 69.


LaTeX Font Info:    Calculating math sizes for size <6.6> on input line 69.

Package manuscript Warning: Unresolved submission placeholder on input line 69.



Package manuscript Warning: Unresolved submission placeholder on input line 69.



Package manuscript Warning: Unresolved submission placeholder on input line 69.



Overfull \hbox (9.2679pt too wide) in paragraph at lines 69--69
[]  
 []


Overfull \hbox (9.2679pt too wide) in paragraph at lines 69--69
[]  
 []


Package xcolor Warning: Incompatible color definition on input line 74.


Underfull \vbox (badness 1895) has occurred while \output is active []




Package xcolor Warning: Incompatible color definition on input line 79.




Package xcolor Warning: Incompatible color definition on input line 83.

File: logo.png Graphic file (type bmp)
<logo.png>

Overfull \hbox (505.12177pt too wide) has occurred while \output is active
[]
 []


Overfull \hbox (505.12177pt too wide) has occurred while \output is active
[]
 []


Overfull \hbox (505.12177pt too wide) has occurred while \output is active
[]
 []


Underfull \hbox (badness 10000) has occurred while \output is active
[]
 []

[1


]

Package xcolor Warning: Incompatible color definition on input line 85.

File: figures/visio/figure1_concept_threat/final/figure1_concept_threat.pdf Gra
phic file (type pdf)
<use figures/visio/figure1_concept_threat/final/figure1_concept_threat.pdf>

Package xcolor Warning: Incompatible color definition on input line 96.


Package xcolor Warning: Incompatible color definition on input line 96.


Package xcolor Warning: Incompatible color definition on input line 100.


Underfull \hbox (badness 1436) in paragraph at lines 104--105
\T1/times/n/n/10 core cal-i-brated short-exposure sub-set yields 15.1%
 []


Underfull \hbox (badness 1867) in paragraph at lines 104--105
\T1/times/n/n/10 but re-pro-ducible mea-sure-ment win-dow: unat-tended
 []




Underfull \hbox (badness 1490) in paragraph at lines 108--109
\T1/times/b/n/10 de-ci-sions\T1/times/n/n/10 : The de-ployed pro-file is the re
adability-
 []


Underfull \hbox (badness 10000) in paragraph at lines 108--109
\T1/times/n/n/10 priority can-di-date and meets the short-exposure
 []


Underfull \vbox (badness 1418) has occurred while \output is active []



File: notaglinelogo.png Graphic file (type bmp)
<notaglinelogo.png>

LaTeX Font Warning: Font shape `T1/formata/m/sl' undefined
(Font)              using `T1/formata/m/it' instead on input line 109.


Overfull \hbox (505.12177pt too wide) has occurred while \output is active
[]
 []


Overfull \hbox (505.12177pt too wide) has occurred while \output is active
[]
 []


Underfull \hbox (badness 10000) has occurred while \output is active
[]
 []

[2]

Package xcolor Warning: Incompatible color definition on input line 117.


Package xcolor Warning: Incompatible color definition on input line 120.


Underfull \hbox (badness 10000) in paragraph at lines 122--123
\T1/times/n/n/10 Remote screen read-ing at-tacks (tele-scopes, tele-photo
 []


Package xcolor Warning: Incompatible color definition on input line 124.




Package xcolor Warning: Incompatible color definition on input line 133.


Underfull \hbox (badness 4967) in paragraph at lines 142--142
[]\T1/times/m/n/8 Human shoul-der surf-ing be-
 []


Underfull \hbox (badness 1430) in paragraph at lines 142--142
[]\T1/times/m/n/8 Spatial sup-pres-sion of low-frequency
 []


Underfull \hbox (badness 10000) in paragraph at lines 142--143
[]\T1/times/m/n/8 Human-viewing
 []


Underfull \hbox (badness 10000) in paragraph at lines 143--144
[]\T1/times/m/n/8 Captured-image
 []


Underfull \hbox (badness 10000) in paragraph at lines 144--144
[]\T1/times/m/n/8 Perceptually com-plete chromi-
 []


Underfull \hbox (badness 10000) in paragraph at lines 144--145
[]\T1/times/m/n/8 Recorded-video
 []


Underfull \hbox (badness 10000) in paragraph at lines 144--145
\T1/times/m/n/8 (SSIM) and sub-jec-tive
 []


Underfull \hbox (badness 10000) in paragraph at lines 145--146
[]\T1/times/m/n/8 Rolling-shutter im-age
 []


Underfull \hbox (badness 10000) in paragraph at lines 146--147
[]\T1/times/m/n/8 Keypad cap-ture
 []


Underfull \hbox (badness 10000) in paragraph at lines 147--147
[]\T1/times/m/n/8 Short-exposure phys-i-cal
 []


Underfull \hbox (badness 1990) in paragraph at lines 147--147
\T1/times/m/n/8 cap-ture fol-lowed by ma-chine
 []


Underfull \hbox (badness 1565) in paragraph at lines 147--147
[]\T1/times/m/n/8 Randomized pixel par-ti-tion-ing; high-
 []


Underfull \hbox (badness 2119) in paragraph at lines 147--147
\T1/times/m/n/8 suppression pro-file breaks com-plete-
 []


Underfull \hbox (badness 2875) in paragraph at lines 147--148
[]\T1/times/m/n/8 OCR/VLM re-cov-ery and
 []


Package xcolor Warning: Incompatible color definition on input line 154.


Underfull \hbox (badness 1845) in paragraph at lines 156--157
\T1/times/n/n/10 Digital ad-ver-sar-ial per-tur-ba-tions [22]--[24] and physica
l-
 []




LaTeX Font Warning: Font shape `T1/formata/m/sl' undefined
(Font)              using `T1/formata/m/it' instead on input line 157.

File: notaglinelogo.png Graphic file (type bmp)
<notaglinelogo.png>

Overfull \hbox (505.12177pt too wide) has occurred while \output is active
[]
 []


Overfull \hbox (505.12177pt too wide) has occurred while \output is active
[]
 []


Underfull \hbox (badness 10000) has occurred while \output is active
[]
 []

[3]

Package xcolor Warning: Incompatible color definition on input line 162.


Package xcolor Warning: Incompatible color definition on input line 165.


Package xcolor Warning: Incompatible color definition on input line 169.




Underfull \hbox (badness 1694) in paragraph at lines 175--176
\T1/times/n/n/10 com-bi-na-tions, pre-cise rolling-shutter row align-ment,
 []


Package xcolor Warning: Incompatible color definition on input line 178.


Package xcolor Warning: Incompatible color definition on input line 182.



File: notaglinelogo.png Graphic file (type bmp)
<notaglinelogo.png>

LaTeX Font Warning: Font shape `T1/formata/m/sl' undefined
(Font)              using `T1/formata/m/it' instead on input line 185.


Overfull \hbox (505.12177pt too wide) has occurred while \output is active
[]
 []


Overfull \hbox (505.12177pt too wide) has occurred while \output is active
[]
 []


Underfull \hbox (badness 10000) has occurred while \output is active
[]
 []

[4]

Package xcolor Warning: Incompatible color definition on input line 190.


Package xcolor Warning: Incompatible color definition on input line 193.

File: figures/visio/figure2_method_pipeline/final/figure2_method_pipeline.pdf G
raphic file (type pdf)
<use figures/visio/figure2_method_pipeline/final/figure2_method_pipeline.pdf>

Package xcolor Warning: Incompatible color definition on input line 207.


Package xcolor Warning: Incompatible color definition on input line 207.


Package xcolor Warning: Incompatible color definition on input line 211.




Package xcolor Warning: Incompatible color definition on input line 222.


Package xcolor Warning: Incompatible color definition on input line 226.




LaTeX Font Warning: Font shape `T1/formata/m/sl' undefined
(Font)              using `T1/formata/m/it' instead on input line 231.

File: notaglinelogo.png Graphic file (type bmp)
<notaglinelogo.png>

Overfull \hbox (505.12177pt too wide) has occurred while \output is active
[]
 []


Overfull \hbox (505.12177pt too wide) has occurred while \output is active
[]
 []


Underfull \hbox (badness 10000) has occurred while \output is active
[]
 []

[5]

Package xcolor Warning: Incompatible color definition on input line 232.


Package xcolor Warning: Incompatible color definition on input line 238.


Underfull \hbox (badness 2443) in paragraph at lines 257--258
[]\T1/times/b/n/10 Strong (anti-OCR) pro-file\T1/times/n/n/10 : base mask+noise
 with
 []



LaTeX Font Info:    Trying to load font information for T1+pcr on input line 26
6.
(/usr/local/texlive/2025/texmf-dist/tex/latex/psnfss/t1pcr.fd
File: t1pcr.fd 2001/06/04 font definitions for T1/pcr.
)

LaTeX Font Warning: Font shape `T1/pcr/n/n' undefined
(Font)              using `T1/pcr/m/n' instead on input line 266.


Package xcolor Warning: Incompatible color definition on input line 268.


Underfull \hbox (badness 5490) in paragraph at lines 272--273
[]\T1/times/n/n/10 A real-capture in-ver-sion strength ab-la-tion (Ta-ble 3[];
 []



File: notaglinelogo.png Graphic file (type bmp)
<notaglinelogo.png>

LaTeX Font Warning: Font shape `T1/formata/m/sl' undefined
(Font)              using `T1/formata/m/it' instead on input line 273.


Overfull \hbox (505.12177pt too wide) has occurred while \output is active
[]
 []


Overfull \hbox (505.12177pt too wide) has occurred while \output is active
[]
 []


Underfull \hbox (badness 10000) has occurred while \output is active
[]
 []

[6]

Package xcolor Warning: Incompatible color definition on input line 275.


Package xcolor Warning: Incompatible color definition on input line 294.


Package xcolor Warning: Incompatible color definition on input line 302.


Package xcolor Warning: Incompatible color definition on input line 305.






LaTeX Font Warning: Font shape `T1/formata/m/sl' undefined
(Font)              using `T1/formata/m/it' instead on input line 315.

File: notaglinelogo.png Graphic file (type bmp)
<notaglinelogo.png>

Overfull \hbox (505.12177pt too wide) has occurred while \output is active
[]
 []


Overfull \hbox (505.12177pt too wide) has occurred while \output is active
[]
 []


Underfull \hbox (badness 10000) has occurred while \output is active
[]
 []

[7]


Underfull \hbox (badness 1418) in paragraph at lines 322--323
[]\T1/times/b/n/10 Additional ro-bust-ness checks\T1/times/n/n/10 : A leave-one
-round-out
 []


Underfull \hbox (badness 10000) in paragraph at lines 324--325
[]\T1/times/n/n/10 Digital re-con-struc-tion prox-ies: $\OT1/cmr/m/n/10 ^^A\T1/
times/n/it/10 E[]$ \T1/times/n/n/10 is the mean
 []


Package xcolor Warning: Incompatible color definition on input line 327.


Underfull \hbox (badness 2119) in paragraph at lines 330--331
\T1/times/n/n/10 The real-capture OCR cor-pus com-prises 10,575 im-ages
 []


Package xcolor Warning: Incompatible color definition on input line 333.



File: notaglinelogo.png Graphic file (type bmp)
<notaglinelogo.png>

LaTeX Font Warning: Font shape `T1/formata/m/sl' undefined
(Font)              using `T1/formata/m/it' instead on input line 378.


Overfull \hbox (505.12177pt too wide) has occurred while \output is active
[]
 []


Overfull \hbox (505.12177pt too wide) has occurred while \output is active
[]
 []


Underfull \hbox (badness 10000) has occurred while \output is active
[]
 []

[8]
Underfull \vbox (badness 10000) has occurred while \output is active []




Underfull \hbox (badness 1776) in paragraph at lines 381--382
\T1/times/n/n/10 yields 9.3% char (CI [7.9, 10.9]) / 0% ex-act for
 []


Underfull \hbox (badness 2277) in paragraph at lines 381--382
\T1/times/n/n/10 yields 50.7%/0%/33.8%; 1.0m yields 61.1--69.4%;
 []


Underfull \vbox (badness 10000) has occurred while \output is active []




LaTeX Font Warning: Font shape `T1/formata/m/sl' undefined
(Font)              using `T1/formata/m/it' instead on input line 382.

File: notaglinelogo.png Graphic file (type bmp)
<notaglinelogo.png>

Overfull \hbox (505.12177pt too wide) has occurred while \output is active
[]
 []


Overfull \hbox (505.12177pt too wide) has occurred while \output is active
[]
 []


Underfull \hbox (badness 10000) has occurred while \output is active
[]
 []

[9]
File: figures/real_capture_montage.pdf Graphic file (type pdf)
<use figures/real_capture_montage.pdf>


Package xcolor Warning: Incompatible color definition on input line 389.


Package xcolor Warning: Incompatible color definition on input line 389.

File: figures/real_capture_bar.pdf Graphic file (type pdf)
<use figures/real_capture_bar.pdf>

Package xcolor Warning: Incompatible color definition on input line 396.


Package xcolor Warning: Incompatible color definition on input line 396.


Package xcolor Warning: Incompatible color definition on input line 405.

File: figures/real_engine_ocr.pdf Graphic file (type pdf)
<use figures/real_engine_ocr.pdf>

Package xcolor Warning: Incompatible color definition on input line 450.


Package xcolor Warning: Incompatible color definition on input line 450.


Package xcolor Warning: Incompatible color definition on input line 454.





File: notaglinelogo.png Graphic file (type bmp)
<notaglinelogo.png>

LaTeX Font Warning: Font shape `T1/formata/m/sl' undefined
(Font)              using `T1/formata/m/it' instead on input line 462.


Overfull \hbox (505.12177pt too wide) has occurred while \output is active
[]
 []


Overfull \hbox (505.12177pt too wide) has occurred while \output is active
[]
 []


Underfull \hbox (badness 10000) has occurred while \output is active
[]
 []

[10]




LaTeX Font Warning: Font shape `T1/formata/m/sl' undefined
(Font)              using `T1/formata/m/it' instead on input line 466.

File: notaglinelogo.png Graphic file (type bmp)
<notaglinelogo.png>

Overfull \hbox (505.12177pt too wide) has occurred while \output is active
[]
 []


Overfull \hbox (505.12177pt too wide) has occurred while \output is active
[]
 []


Underfull \hbox (badness 10000) has occurred while \output is active
[]
 []

[11]

Package xcolor Warning: Incompatible color definition on input line 470.


Package xcolor Warning: Incompatible color definition on input line 500.




Package xcolor Warning: Incompatible color definition on input line 628.


Package xcolor Warning: Incompatible color definition on input line 634.


Package xcolor Warning: Incompatible color definition on input line 666.


Underfull \hbox (badness 1533) in paragraph at lines 697--698
\T1/times/n/n/10 re-sults pro-vide di-rec-tional ev-i-dence rather than a cross
-
 []



File: notaglinelogo.png Graphic file (type bmp)
<notaglinelogo.png>

LaTeX Font Warning: Font shape `T1/formata/m/sl' undefined
(Font)              using `T1/formata/m/it' instead on input line 698.


Overfull \hbox (505.12177pt too wide) has occurred while \output is active
[]
 []


Overfull \hbox (505.12177pt too wide) has occurred while \output is active
[]
 []


Underfull \hbox (badness 10000) has occurred while \output is active
[]
 []

[12]
File: figures/real_detection_drop.pdf Graphic file (type pdf)
<use figures/real_detection_drop.pdf>


Package xcolor Warning: Incompatible color definition on input line 702.


Package xcolor Warning: Incompatible color definition on input line 702.




Package xcolor Warning: Incompatible color definition on input line 707.


Underfull \hbox (badness 2573) in paragraph at lines 710--711
\T1/times/n/n/10 tected sub-frame ob-tained from the dis-play com-pos-i-tor?
 []




LaTeX Font Warning: Font shape `T1/formata/m/sl' undefined
(Font)              using `T1/formata/m/it' instead on input line 711.

File: notaglinelogo.png Graphic file (type bmp)
<notaglinelogo.png>

Overfull \hbox (505.12177pt too wide) has occurred while \output is active
[]
 []


Overfull \hbox (505.12177pt too wide) has occurred while \output is active
[]
 []


Underfull \hbox (badness 10000) has occurred while \output is active
[]
 []

[13]

Package xcolor Warning: Incompatible color definition on input line 712.


Package xcolor Warning: Incompatible color definition on input line 716.

File: figures/multiengine_ocr.pdf Graphic file (type pdf)
<use figures/multiengine_ocr.pdf>

Package xcolor Warning: Incompatible color definition on input line 734.


Package xcolor Warning: Incompatible color definition on input line 734.


Package xcolor Warning: Incompatible color definition on input line 740.




Package xcolor Warning: Incompatible color definition on input line 744.

File: figures/baselines_scatter.pdf Graphic file (type pdf)
<use figures/baselines_scatter.pdf>

Package xcolor Warning: Incompatible color definition on input line 750.


Package xcolor Warning: Incompatible color definition on input line 750.

File: figures/readability_robustness_tradeoff.pdf Graphic file (type pdf)
<use figures/readability_robustness_tradeoff.pdf>

Package xcolor Warning: Incompatible color definition on input line 757.


Package xcolor Warning: Incompatible color definition on input line 757.

File: figures/antiocr_heatmap.pdf Graphic file (type pdf)
<use figures/antiocr_heatmap.pdf>

Package xcolor Warning: Incompatible color definition on input line 764.


Package xcolor Warning: Incompatible color definition on input line 764.



File: notaglinelogo.png Graphic file (type bmp)
<notaglinelogo.png>

LaTeX Font Warning: Font shape `T1/formata/m/sl' undefined
(Font)              using `T1/formata/m/it' instead on input line 769.


Overfull \hbox (505.12177pt too wide) has occurred while \output is active
[]
 []


Overfull \hbox (505.12177pt too wide) has occurred while \output is active
[]
 []


Underfull \hbox (badness 10000) has occurred while \output is active
[]
 []

[14]

Package xcolor Warning: Incompatible color definition on input line 770.


Package xcolor Warning: Incompatible color definition on input line 774.


Package xcolor Warning: Incompatible color definition on input line 807.



File: figures/all_attackers.pdf Graphic file (type pdf)
<use figures/all_attackers.pdf>

Package xcolor Warning: Incompatible color definition on input line 843.


Package xcolor Warning: Incompatible color definition on input line 843.


Package xcolor Warning: Incompatible color definition on input line 847.




LaTeX Font Warning: Font shape `T1/formata/m/sl' undefined
(Font)              using `T1/formata/m/it' instead on input line 847.

File: notaglinelogo.png Graphic file (type bmp)
<notaglinelogo.png>

Overfull \hbox (505.12177pt too wide) has occurred while \output is active
[]
 []


Overfull \hbox (505.12177pt too wide) has occurred while \output is active
[]
 []


Underfull \hbox (badness 10000) has occurred while \output is active
[]
 []

[15]



File: notaglinelogo.png Graphic file (type bmp)
<notaglinelogo.png>

LaTeX Font Warning: Font shape `T1/formata/m/sl' undefined
(Font)              using `T1/formata/m/it' instead on input line 847.


Overfull \hbox (505.12177pt too wide) has occurred while \output is active
[]
 []


Overfull \hbox (505.12177pt too wide) has occurred while \output is active
[]
 []


Underfull \hbox (badness 10000) has occurred while \output is active
[]
 []

[16]
Underfull \hbox (badness 3302) in paragraph at lines 847--847
[]\T1/times/n/n/10 Both con-di-tions are ren-dered by the same \T1/pcr/n/n/10 r
ender
 []


Underfull \hbox (badness 6995) in paragraph at lines 847--847
[]\T1/times/n/n/10 Scoring no longer com-pares char-ac-ters position-by-
 []




Package xcolor Warning: Incompatible color definition on input line 847.


Package xcolor Warning: Incompatible color definition on input line 847.




LaTeX Font Warning: Font shape `T1/formata/m/sl' undefined
(Font)              using `T1/formata/m/it' instead on input line 847.

File: notaglinelogo.png Graphic file (type bmp)
<notaglinelogo.png>

Overfull \hbox (505.12177pt too wide) has occurred while \output is active
[]
 []


Overfull \hbox (505.12177pt too wide) has occurred while \output is active
[]
 []


Underfull \hbox (badness 10000) has occurred while \output is active
[]
 []

[17]
File: figures/study_typing_paired.pdf Graphic file (type pdf)
<use figures/study_typing_paired.pdf>


Package xcolor Warning: Incompatible color definition on input line 847.


Package xcolor Warning: Incompatible color definition on input line 847.

File: figures/study_ratings_likert.pdf Graphic file (type pdf)
<use figures/study_ratings_likert.pdf>

Package xcolor Warning: Incompatible color definition on input line 847.


Package xcolor Warning: Incompatible color definition on input line 847.


Package xcolor Warning: Incompatible color definition on input line 852.


Package xcolor Warning: Incompatible color definition on input line 855.


Underfull \vbox (badness 2359) has occurred while \output is active []




Package xcolor Warning: Incompatible color definition on input line 859.


Package xcolor Warning: Incompatible color definition on input line 863.


Underfull \hbox (badness 4859) in paragraph at lines 867--868
[]\T1/times/b/n/10 Direction 1: real short-exposure re-cov-ery ex-ceeds
 []


Underfull \hbox (badness 5274) in paragraph at lines 867--868
\T1/times/b/n/10 sim-u-la-tion (fa-vor-ing the at-tacker). \T1/times/n/n/10 Sim
-u-lated single-
 []



File: notaglinelogo.png Graphic file (type bmp)
<notaglinelogo.png>

LaTeX Font Warning: Font shape `T1/formata/m/sl' undefined
(Font)              using `T1/formata/m/it' instead on input line 868.


Overfull \hbox (505.12177pt too wide) has occurred while \output is active
[]
 []


Overfull \hbox (505.12177pt too wide) has occurred while \output is active
[]
 []


Underfull \hbox (badness 10000) has occurred while \output is active
[]
 []

[18]

Package xcolor Warning: Incompatible color definition on input line 873.


Underfull \hbox (badness 3098) in paragraph at lines 875--876
\T1/times/n/n/10 The high-suppression pro-file breaks strict com-plete-ness
 []




Package xcolor Warning: Incompatible color definition on input line 879.


Underfull \hbox (badness 1648) in paragraph at lines 882--883
\T1/times/n/n/10 nal: glyph con-tour frag-ments in a sin-gle sub-frame suf-
 []


Package xcolor Warning: Incompatible color definition on input line 884.


Package xcolor Warning: Incompatible color definition on input line 888.


Underfull \hbox (badness 6825) in paragraph at lines 890--891
\T1/times/n/n/10 buffer in-jec-tion (DXGI / KMS-DRM / Core-Dis-play),
 []




LaTeX Font Warning: Font shape `T1/formata/m/sl' undefined
(Font)              using `T1/formata/m/it' instead on input line 891.

File: notaglinelogo.png Graphic file (type bmp)
<notaglinelogo.png>

Overfull \hbox (505.12177pt too wide) has occurred while \output is active
[]
 []


Overfull \hbox (505.12177pt too wide) has occurred while \output is active
[]
 []


Underfull \hbox (badness 10000) has occurred while \output is active
[]
 []

[19]

Package xcolor Warning: Incompatible color definition on input line 892.


Package xcolor Warning: Incompatible color definition on input line 896.


Underfull \hbox (badness 1430) in paragraph at lines 902--903
\T1/times/n/n/10 bi-as-ing pro-tected re-cov-ery down-ward and fa-vor-ing
 []




Underfull \hbox (badness 1629) in paragraph at lines 908--909
\T1/times/n/n/10 char-ac-ters (Chi-nese, Japanese, Ko-rean) have much
 []


Package xcolor Warning: Incompatible color definition on input line 915.


Underfull \hbox (badness 2134) in paragraph at lines 918--919
\T1/times/n/n/10 We im-ple-mented and eval-u-ated tem-po-ral pixel mask-ing
 []


Underfull \hbox (badness 2894) in paragraph at lines 918--919
\T1/times/n/n/10 as a con-trolled UVC fea-si-bil-ity study for single-frame
 []



File: notaglinelogo.png Graphic file (type bmp)
<notaglinelogo.png>

LaTeX Font Warning: Font shape `T1/formata/m/sl' undefined
(Font)              using `T1/formata/m/it' instead on input line 919.


Overfull \hbox (505.12177pt too wide) has occurred while \output is active
[]
 []


Overfull \hbox (505.12177pt too wide) has occurred while \output is active
[]
 []


Underfull \hbox (badness 10000) has occurred while \output is active
[]
 []

[20]

Package xcolor Warning: Incompatible color definition on input line 927.


Underfull \hbox (badness 1803) in paragraph at lines 929--930
\T1/times/n/n/10 A ver-sioned de-vel-op-ment snap-shot of the soft-ware, ex-
 []


Underfull \hbox (badness 2073) in paragraph at lines 929--930
\T1/times/n/n/10 per-i-men-tal con-fig-u-ra-tions, de-identified per-sample OCR

 []


Underfull \hbox (badness 10000) in paragraph at lines 929--930
\T1/times/n/n/10 re-sults, and VLM probe records is pub-licly avail-
 []


Underfull \hbox (badness 10000) in paragraph at lines 929--930
\T1/times/n/n/10 able at $https : / / github . com / docandyc / privacy-[]displ
ay / tree /
 []


Underfull \hbox (badness 2080) in paragraph at lines 929--930
\T1/times/n/n/10 13977c25d21f2b520112bab6274dcac1f67adacf$. This SHA
 []


Underfull \hbox (badness 6526) in paragraph at lines 929--930
\T1/times/n/n/10 prepa-ra-tion. The fi-nal sub-mis-sion pack-age should re-
 []




Package xcolor Warning: Incompatible color definition on input line 934.


Package manuscript Warning: Unresolved submission placeholder on input line 935
.

(./main.bbl

Package xcolor Warning: Incompatible color definition on input line 2.

LaTeX Font Info:    Calculating math sizes for size <7.61> on input line 30.

Underfull \hbox (badness 1635) in paragraph at lines 76--79
[]\T1/times/n/n/7.61 S. Zhu, C. Zhang, and X. Zhang, ``Au-tomat-ing vi-sual pri
-vacy pro-
 []


Underfull \hbox (badness 3449) in paragraph at lines 76--79
\T1/times/n/n/7.61 tec-tion us-ing a smart LED,'' in \T1/times/n/it/7.61 Proc. 
23rd ACM Int. Conf. Mo-
 []




LaTeX Font Warning: Font shape `T1/formata/m/sl' undefined
(Font)              using `T1/formata/m/it' instead on input line 120.

File: notaglinelogo.png Graphic file (type bmp)
<notaglinelogo.png>

Overfull \hbox (505.12177pt too wide) has occurred while \output is active
[]
 []


Overfull \hbox (505.12177pt too wide) has occurred while \output is active
[]
 []


Underfull \hbox (badness 10000) has occurred while \output is active
[]
 []

[21]
Underfull \hbox (badness 1817) in paragraph at lines 126--129
\T1/times/n/it/7.61 Cir-cuits and Sys-tems (IS-CAS)\T1/times/m/n/7.61 , 2014, p
p. 449--452, doi: 10.1109/IS-
 []


Underfull \hbox (badness 3271) in paragraph at lines 191--196
\T1/times/m/n/7.61 A. Khakzar, Z. Li, X. Cao, and P. Torr, ``A sur-vey on trans
-fer-
 []


Underfull \hbox (badness 3635) in paragraph at lines 191--196
\T1/times/n/it/7.61 ac-tions on Ma-chine Learn-ing Re-search\T1/times/m/n/7.61 
, 2024, [On-line]. Avail-able:
 []



)
File: bullet.png Graphic file (type bmp)
<bullet.png>


File: notaglinelogo.png Graphic file (type bmp)
<notaglinelogo.png>

LaTeX Font Warning: Font shape `T1/formata/m/sl' undefined
(Font)              using `T1/formata/m/it' instead on input line 947.


Overfull \hbox (505.12177pt too wide) has occurred while \output is active
[]
 []


Overfull \hbox (505.12177pt too wide) has occurred while \output is active
[]
 []


Underfull \hbox (badness 10000) has occurred while \output is active
[]
 []

[22] (./main.aux)
 ***********
LaTeX2e <2024-11-01> patch level 2
L3 programming layer <2025-01-18>
 ***********


LaTeX Font Warning: Some font shapes were not available, defaults substituted.

 ) 
Here is how much of TeX's memory you used:
 5137 strings out of 473832
 84064 string characters out of 5729481
 510202 words of memory out of 5000000
 28084 multiletter control sequences out of 15000+600000
 629475 words of font info for 155 fonts, out of 8000000 for 9000
 1348 hyphenation exceptions out of 8191
 57i,10n,65p,2734b,500s stack positions out of 10000i,1000n,20000p,200000b,200000s

Output written on main.xdv (22 pages, 180800 bytes).
